// Jest Snapshot v1, https://goo.gl/fbAQLP

exports[`Todo component should check/uncheck completed/not completed todos matches snapshot 1`] = `
<div
  data-testid="todo-test-1"
>
  <label>
    <input
      checked={false}
      id="checkbox"
      onChange={[Function]}
      type="checkbox"
    />
    Pasar los tests 2
  </label>
</div>
`;
